

================================================================
== Synthesis Summary Report of 'cordic'
================================================================
+ General Information: 
    * Date:           Mon Aug  8 09:20:33 2022
    * Version:        2020.2 (Build 3064766 on Wed Nov 18 09:12:45 MST 2020)
    * Project:        cordic_hls
    * Solution:       solution1 (Vivado IP Flow Target)
    * Product family: zynq
    * Target device:  xc7z020-clg400-1
    

+ Performance & Resource Estimates: 
    
    PS: '+' for module; 'o' for loop; '*' for dataflow
    +----------+------+-------+---------+---------+----------+---------+------+----------+------+----+------------+-----------+-----+
    |  Modules | Issue|       | Latency | Latency | Iteration|         | Trip |          |      |    |            |           |     |
    |  & Loops | Type | Slack | (cycles)|   (ns)  |  Latency | Interval| Count| Pipelined| BRAM | DSP|     FF     |    LUT    | URAM|
    +----------+------+-------+---------+---------+----------+---------+------+----------+------+----+------------+-----------+-----+
    |+ cordic  |     -|  -0.02|       13|  130.000|         -|       14|     -|        no|     -|   -|  1030 (~0%)|  3727 (7%)|    -|
    +----------+------+-------+---------+---------+----------+---------+------+----------+------+----+------------+-----------+-----+

